ASxxxx Linker V03.00 + NoICE + sdld,  page 1.
Hexadecimal  [32-Bits]

Area                       Addr        Size        Decimal Bytes (Attributes)
--------------------       ----        ----        ------- ----- ------------
.  .ABS.               00000000    00000000 =           0. bytes (ABS,CON)

        Value  Global            Value  Global            Value  Global    
        -----  ------            -----  ------            -----  ------    
     00000000  .__.ABS.  |    00000000  _IOR      |    00000000  l_ISEG   
     00000000  l_ISEGR   |    00000000  l_XISEG   |    00000000  l_XSEG   
     00000000  l__CODE   |    00000000  l_ms322sf |    00000000  s_STARTUP
     00000000  s_ms322sf |    00000001  _IODIR    |    00000001  l_SSEG   
     00000002  _IO       |    00000003  _IOWK     |    00000004  _IOWKDR  
     00000004  l_shareba |    00000005  _TIMERC   |    00000006  _THRLD   
     00000007  _RAMP0    |    00000007  _RAMP0L   |    00000007  _RAMP0LH 
     00000007  _RAMP0UW  |    00000008  _RAMP0H   |    00000009  _RAMP1   
     00000009  _RAMP1L   |    00000009  _RAMP1LH  |    00000009  _RAMP1UW 
     0000000A  _RAMP1H   |    0000000B  _PTRCL    |    0000000C  _PTRCH   
     0000000D  _ROMP     |    0000000D  _ROMPL    |    0000000D  _ROMPLH  
     0000000D  _ROMPUW   |    0000000E  _ROMPH    |    0000000F  _BEEPC   
     00000010  _ULAWC    |    00000011  _STACKL   |    00000012  _STACKH  
     00000013  _ADCON    |    00000014  _DACON    |    00000015  _SYSC    
     00000016  _SPIM     |    00000016  _SPIMH    |    00000017  _SPIH    
     00000017  l_DSEG    |    00000018  _SPIOP    |    00000019  _SPI_BANK
     0000001A  _ADP_IND  |    0000001B  _ADP_VPL  |    0000001B  _ADP_VPLH
     0000001C  _ADP_VPH  |    0000001D  _ADL      |    0000001E  _ADH     
     0000001F  _ZC       |    00000020  _ADCG     |    00000021  _DAC_PL  
     00000022  _DAC_PH   |    00000023  _PAG      |    00000024  _DMAHL   
     00000024  _DMAL     |    00000025  _DMAH     |    00000026  _SPIL    
     00000027  _IOMASK   |    00000028  _IOCMP    |    00000029  _IOCNT   
     0000002B  _LVDCON   |    0000002C  _LVRCON   |    0000002D  _OFFSETL 
     0000002D  _OFFSETLH |    0000002E  _OFFSETH  |    0000002F  _RCCON   
     00000030  _BGCON    |    00000031  _CRYPT    |    00000031  _PWRHL   
     00000031  _PWRL     |    00000032  _PWRH     |    00000033  _IROMDL  
     00000033  _IROMDLH  |    00000034  _IROMDH   |    00000035  _RECMUTE 
     00000036  _FILTERG  |    00000037  _SPKC     |    00000038  _DCLAMP  
     00000039  _SSPIC    |    0000003A  _SSPIL    |    0000003B  _SSPIM   
     0000003C  _SSPIH    |    00000041  _ICE0     |    00000042  _ICE1    
     00000043  _ICE2     |    00000044  _ICE3     |    00000045  _ICE4    
     000000C0  _TOV      |    00000102  _RAMP0INC |    00000103  _RAMP1INC
     00000103  _RAMP1INC |    00000105  _ROMPINC  |    00000105  _ROMPINC2
     00000106  _ACC      |    00000204  l_SEGC    |    00000363  l_STARTUP
     00000363  s_CSEG    |    00000654  l_CSEG    |    000009B7  s_SEGC   
     00008000  s__CODE   |    00008000  s_shareba |    00008004  s_DSEG   
     0000801B  s_ISEG    |    0000801B  s_SSEG    |    0000801B  s_XISEG  
     0000801B  s_XSEG    |    0000801C  s_ISEGR  
ASxxxx Linker V03.00 + NoICE + sdld,  page 2.
Hexadecimal  [32-Bits]

Area                       Addr        Size        Decimal Bytes (Attributes)
--------------------       ----        ----        ------- ----- ------------
sharebank              00008000    00000004 =           4. bytes (REL,OVR)

        Value  Global            Value  Global            Value  Global    
        -----  ------            -----  ------            -----  ------    
     00008000  _init_io_ |    00008001  STK02     |    00008002  STK01    
     00008003  STK00    
ASxxxx Linker V03.00 + NoICE + sdld,  page 3.
Hexadecimal  [32-Bits]

Area                       Addr        Size        Decimal Bytes (Attributes)
--------------------       ----        ----        ------- ----- ------------
DSEG                   00008004    00000017 =          23. bytes (REL,CON)

        Value  Global            Value  Global            Value  Global    
        -----  ------            -----  ------            -----  ------    
     00008004  _key_stat |    00008005  _sys_stat |    00008006  _last_str
     00008007  _key_code |    00008008  _key_time |    00008009  _beep_tim
     0000800A  _sleep_ti |    0000800B  _countled |    0000800C  _api_ramp
     0000800D  _api_endp |    0000800F  _api_ulaw |    00008010  _api_targ
     00008011  _api_spi_ |    00008012  _api_ming |    00008013  _api_maxg
     00008014  _api_no_c |    00008015  _api_incg
ASxxxx Linker V03.00 + NoICE + sdld,  page 4.
Hexadecimal  [32-Bits]

Area                       Addr        Size        Decimal Bytes (Attributes)
--------------------       ----        ----        ------- ----- ------------
SSEG                   0000801B    00000001 =           1. bytes (REL,OVR)

        Value  Global            Value  Global            Value  Global    
        -----  ------            -----  ------            -----  ------    
     0000801B  __PARA_ST
ASxxxx Linker V03.00 + NoICE + sdld,  page 5.
Hexadecimal  [32-Bits]

Area                       Addr        Size        Decimal Bytes (Attributes)
--------------------       ----        ----        ------- ----- ------------
STARTUP_CSEG           00000000    00000363 =         867. bytes (REL,CON,CODE,ROM)

        Value  Global            Value  Global            Value  Global    
        -----  ------            -----  ------            -----  ------    
     00000000  A$demo$29 |    00000002  A$demo$54 |    00000002  _main    
     00000004  A$demo$55 |    00000006  A$demo$57 |    00000008  A$demo$59
     0000000A  A$demo$60 |    0000000C  A$demo$61 |    0000000E  A$demo$63
     00000010  A$demo$64 |    00000012  A$demo$65 |    00000014  A$demo$66
     00000016  A$demo$67 |    00000017  A$demo$68 |    00000019  A$demo$69
     0000001B  A$demo$70 |    0000001D  A$demo$71 |    0000001F  A$demo$72
     00000021  A$demo$75 |    00000023  A$demo$77 |    00000025  A$demo$78
     00000027  A$demo$80 |    00000029  A$demo$81 |    0000002B  A$demo$83
     0000002D  A$demo$84 |    0000002F  A$demo$87 |    00000031  A$demo$88
     00000033  A$demo$89 |    00000034  A$demo$90 |    00000036  A$demo$91
     00000038  A$demo$92 |    0000003A  A$demo$93 |    0000003C  A$demo$94
     0000003D  A$demo$95 |    0000003F  A$demo$97 |    00000040  A$demo$98
     00000042  A$demo$99 |    00000044  A$demo$10 |    00000045  A$demo$10
     00000047  A$demo$10 |    00000049  A$demo$10 |    0000004A  A$demo$10
     0000004C  A$demo$10 |    0000004E  A$demo$10 |    00000050  A$demo$11
     00000052  A$demo$11 |    00000054  A$demo$11 |    00000056  A$demo$11
     00000058  A$demo$11 |    0000005A  A$demo$11 |    0000005C  A$demo$11
     0000005D  A$demo$12 |    0000005F  A$demo$12 |    00000061  A$demo$12
     00000063  A$demo$12 |    00000064  A$demo$12 |    00000066  A$demo$12
     00000068  A$demo$12 |    0000006A  A$demo$12 |    0000006B  A$demo$12
     0000006D  A$demo$13 |    0000006F  A$demo$13 |    00000071  A$demo$13
     00000073  A$demo$13 |    00000074  A$demo$13 |    00000076  A$demo$13
     00000077  A$demo$13 |    00000079  A$demo$13 |    0000007B  A$demo$14
     0000007D  A$demo$14 |    0000007F  A$demo$14 |    00000080  A$demo$14
     00000082  A$demo$14 |    00000084  A$demo$14 |    00000086  A$demo$14
     00000088  A$demo$14 |    0000008A  A$demo$14 |    0000008B  A$demo$15
     0000008C  A$demo$15 |    0000008E  A$demo$15 |    00000090  A$demo$15
     00000092  A$demo$15 |    00000093  A$demo$15 |    00000095  A$demo$15
     00000097  A$demo$16 |    00000099  A$demo$16 |    0000009A  A$demo$16
     0000009C  A$demo$16 |    0000009D  A$demo$16 |    0000009F  A$demo$17
     000000A1  A$demo$17 |    000000A3  A$demo$17 |    000000A5  A$demo$17
     000000A7  A$demo$17 |    000000A9  A$demo$17 |    000000AB  A$demo$18
     000000AD  A$demo$18 |    000000AF  A$demo$18 |    000000B1  A$demo$18
     000000B3  A$demo$18 |    000000B5  A$demo$18 |    000000B7  A$demo$18
     000000B9  A$demo$19 |    000000BB  A$demo$19 |    000000BC  A$demo$19
     000000BE  A$demo$19 |    000000C0  A$demo$19 |    000000C2  A$demo$19
     000000C4  A$demo$20 |    000000C6  A$demo$20 |    000000C8  A$demo$20
     000000CA  A$demo$20 |    000000CC  A$demo$20 |    000000CE  A$demo$20
     000000D0  A$demo$20 |    000000D1  A$demo$20 |    000000D2  A$demo$21
     000000D3  A$demo$21 |    000000D5  A$demo$21 |    000000D6  A$demo$21
     000000D8  A$demo$21 |    000000DA  A$demo$21 |    000000DC  A$demo$21
     000000DE  A$demo$22 |    000000DF  A$demo$22 |    000000E0  A$demo$22
     000000E1  A$demo$22 |    000000E2  A$demo$22 |    000000E4  A$demo$22
     000000E6  A$demo$22 |    000000E7  A$demo$22 |    000000E8  A$demo$23
     000000E9  A$demo$23 |    000000EB  A$demo$23 |    000000EC  A$demo$23
     000000EE  A$demo$23 |    000000EF  A$demo$23 |    000000F1  A$demo$23
     000000F3  A$demo$24 |    000000F5  A$demo$25 |    000000F5  _sys_rec 
     000000F7  A$demo$25 |    000000F8  A$demo$25 |    000000FA  A$demo$26
     000000FC  A$demo$26 |    000000FE  A$demo$26 |    00000100  A$demo$26
     00000102  A$demo$27 |    00000104  A$demo$27 |    00000105  A$demo$27
ASxxxx Linker V03.00 + NoICE + sdld,  page 6.
Hexadecimal  [32-Bits]

Area                       Addr        Size        Decimal Bytes (Attributes)
--------------------       ----        ----        ------- ----- ------------
STARTUP_CSEG           00000000    00000363 =         867. bytes (REL,CON,CODE,ROM)

        Value  Global            Value  Global            Value  Global    
        -----  ------            -----  ------            -----  ------    
     00000107  A$demo$27 |    00000109  A$demo$27 |    0000010A  A$demo$27
     0000010B  A$demo$27 |    0000010C  A$demo$28 |    0000010D  A$demo$28
     0000010F  A$demo$29 |    0000010F  _sys_play |    00000111  A$demo$29
     00000112  A$demo$29 |    00000113  A$demo$30 |    00000114  A$demo$30
     00000116  A$demo$30 |    00000117  A$demo$30 |    00000119  A$demo$30
     0000011B  A$demo$30 |    0000011D  A$demo$31 |    0000011E  A$demo$31
     00000120  A$demo$31 |    00000122  A$demo$31 |    00000124  A$demo$31
     00000126  A$demo$31 |    00000128  A$demo$31 |    0000012A  A$demo$32
     0000012C  A$demo$32 |    0000012E  A$demo$32 |    00000130  A$demo$32
     00000132  A$demo$32 |    00000134  A$demo$32 |    00000136  A$demo$33
     00000138  A$demo$33 |    0000013A  A$demo$33 |    0000013C  A$demo$33
     0000013D  A$demo$33 |    0000013E  A$demo$33 |    0000013F  A$demo$33
     00000141  A$demo$33 |    00000142  A$demo$33 |    00000144  A$demo$34
     00000146  A$demo$34 |    00000147  A$demo$34 |    00000148  A$demo$34
     00000149  A$demo$34 |    0000014A  A$demo$34 |    0000014C  A$demo$34
     0000014D  A$demo$35 |    0000014E  A$demo$35 |    00000150  A$demo$35
     00000151  A$demo$37 |    00000151  _enter_id |    00000153  A$demo$37
     00000155  A$demo$37 |    00000157  A$demo$37 |    00000159  A$demo$37
     0000015B  A$demo$37 |    0000015C  A$demo$37 |    0000015E  A$demo$38
     00000160  A$demo$38 |    00000161  A$demo$38 |    00000163  A$demo$38
     00000165  A$demo$38 |    00000166  A$demo$38 |    00000168  A$demo$38
     0000016A  A$demo$39 |    0000016C  A$demo$39 |    0000016D  A$demo$39
     0000016F  A$demo$39 |    00000171  A$demo$39 |    00000172  A$demo$39
     00000174  A$demo$39 |    00000176  A$demo$39 |    00000177  A$demo$40
     00000179  A$demo$40 |    0000017B  A$demo$40 |    0000017C  A$demo$40
     0000017E  A$demo$40 |    00000180  A$demo$40 |    00000182  A$demo$41
     00000183  A$demo$42 |    00000183  _enter_re |    00000185  A$demo$43
     00000186  A$demo$43 |    00000188  A$demo$43 |    0000018A  A$demo$43
     0000018B  A$demo$43 |    0000018D  A$demo$43 |    0000018F  A$demo$43
     00000191  A$demo$44 |    00000192  A$demo$44 |    00000194  A$demo$44
     00000196  A$demo$44 |    00000197  A$demo$44 |    00000198  A$demo$44
     0000019A  A$demo$44 |    0000019B  A$demo$44 |    0000019D  A$demo$45
     0000019E  A$demo$45 |    000001A0  A$demo$45 |    000001A1  A$demo$45
     000001A3  A$demo$45 |    000001A5  A$demo$45 |    000001A6  A$demo$45
     000001A8  A$demo$45 |    000001AA  A$demo$46 |    000001AB  A$demo$46
     000001AD  A$demo$46 |    000001AE  A$demo$46 |    000001AF  A$demo$46
     000001B1  A$demo$46 |    000001B3  A$demo$47 |    000001B4  A$demo$47
     000001B6  A$demo$47 |    000001B7  A$demo$47 |    000001B8  A$demo$47
     000001B9  A$demo$47 |    000001BB  A$demo$47 |    000001BC  A$demo$47
     000001BE  A$demo$47 |    000001BF  A$demo$47 |    000001C1  A$demo$48
     000001C2  A$demo$48 |    000001C3  A$demo$48 |    000001C4  A$demo$48
     000001C6  A$demo$48 |    000001C7  A$demo$48 |    000001C9  A$demo$48
     000001CA  A$demo$48 |    000001CC  A$demo$48 |    000001CE  A$demo$49
     000001CF  A$demo$49 |    000001D0  A$demo$49 |    000001D2  A$demo$49
     000001D4  A$demo$49 |    000001D6  A$demo$49 |    000001D7  A$demo$51
     000001D7  _callback |    000001D9  A$demo$51 |    000001DA  A$demo$51
     000001DB  A$demo$51 |    000001DC  A$demo$51 |    000001DD  A$demo$51
     000001DF  A$demo$52 |    000001E1  A$demo$52 |    000001E2  A$demo$52
     000001E4  A$demo$52 |    000001E6  A$demo$52 |    000001E7  A$demo$52
     000001E8  A$demo$53 |    000001E9  A$demo$54 |    000001E9  _wait_bee
     000001EB  A$demo$54 |    000001EC  A$demo$54 |    000001ED  A$demo$54
ASxxxx Linker V03.00 + NoICE + sdld,  page 7.
Hexadecimal  [32-Bits]

Area                       Addr        Size        Decimal Bytes (Attributes)
--------------------       ----        ----        ------- ----- ------------
STARTUP_CSEG           00000000    00000363 =         867. bytes (REL,CON,CODE,ROM)

        Value  Global            Value  Global            Value  Global    
        -----  ------            -----  ------            -----  ------    
     000001EF  A$demo$54 |    000001F1  A$demo$55 |    000001F3  A$demo$55
     000001F5  A$demo$55 |    000001F7  A$demo$55 |    000001F9  A$demo$55
     000001FB  A$demo$56 |    000001FC  A$demo$56 |    000001FD  A$demo$56
     000001FE  A$demo$56 |    000001FF  A$demo$56 |    00000201  A$demo$56
     00000203  A$demo$56 |    00000204  A$demo$56 |    00000205  A$demo$57
     00000206  A$demo$57 |    00000208  A$demo$57 |    00000209  A$demo$57
     0000020B  A$demo$57 |    0000020D  A$demo$57 |    0000020E  A$demo$57
     00000210  A$demo$57 |    00000211  A$demo$57 |    00000212  A$demo$59
     00000212  _enter_pl |    00000214  A$demo$59 |    00000215  A$demo$59
     00000216  A$demo$59 |    00000217  A$demo$60 |    00000218  A$demo$60
     00000219  A$demo$60 |    0000021B  A$demo$60 |    0000021C  A$demo$60
     0000021E  A$demo$60 |    0000021F  A$demo$60 |    00000221  A$demo$60
     00000222  A$demo$61 |    00000224  A$demo$61 |    00000226  A$demo$61
     00000228  A$demo$61 |    0000022A  A$demo$61 |    0000022C  A$demo$61
     0000022D  A$demo$61 |    0000022F  A$demo$61 |    00000231  A$demo$61
     00000232  A$demo$62 |    00000234  A$demo$62 |    00000236  A$demo$62
     00000237  A$demo$62 |    00000239  A$demo$62 |    0000023B  A$demo$62
     0000023D  A$demo$62 |    0000023F  A$demo$63 |    00000241  A$demo$63
     00000242  A$demo$63 |    00000243  A$demo$63 |    00000244  A$demo$63
     00000246  A$demo$63 |    00000247  A$demo$63 |    00000249  A$demo$63
     0000024A  A$demo$63 |    0000024C  A$demo$63 |    0000024D  A$demo$64
     0000024E  A$demo$64 |    0000024F  A$demo$64 |    00000251  A$demo$64
     00000252  A$demo$64 |    00000253  A$demo$64 |    00000254  A$demo$64
     00000256  A$demo$64 |    00000257  A$demo$64 |    00000259  A$demo$65
     0000025B  A$demo$65 |    0000025C  A$demo$65 |    0000025D  A$demo$65
     0000025E  A$demo$65 |    00000260  A$demo$65 |    00000261  A$demo$65
     00000263  A$demo$65 |    00000264  A$demo$66 |    00000266  A$demo$66
     00000267  A$demo$66 |    00000269  A$demo$66 |    0000026A  A$demo$66
     0000026C  A$demo$66 |    0000026D  A$demo$66 |    0000026E  A$demo$66
     0000026F  A$demo$66 |    00000271  A$demo$66 |    00000272  A$demo$67
     00000274  A$demo$67 |    00000276  A$demo$67 |    00000277  A$demo$67
     00000279  A$demo$67 |    0000027A  A$demo$67 |    0000027C  A$demo$67
     0000027D  A$demo$68 |    0000027F  A$demo$68 |    00000280  A$demo$68
     00000281  A$demo$68 |    00000282  A$demo$68 |    00000284  A$demo$68
     00000285  A$demo$68 |    00000287  A$demo$68 |    00000288  A$demo$68
     0000028A  A$demo$68 |    0000028B  A$demo$69 |    0000028D  A$demo$69
     0000028E  A$demo$69 |    00000290  A$demo$69 |    00000291  A$demo$69
     00000292  A$demo$69 |    00000293  A$demo$69 |    00000295  A$demo$70
     00000296  A$demo$70 |    00000298  A$demo$70 |    00000299  A$demo$70
     0000029A  A$demo$70 |    0000029B  A$demo$70 |    0000029D  A$demo$70
     0000029E  A$demo$70 |    000002A0  A$demo$70 |    000002A1  A$demo$70
     000002A3  A$demo$71 |    000002A4  A$demo$71 |    000002A6  A$demo$71
     000002A7  A$demo$71 |    000002A8  A$demo$71 |    000002AA  A$demo$71
     000002AC  A$demo$71 |    000002AE  A$demo$72 |    000002AF  A$demo$72
     000002B1  A$demo$72 |    000002B2  A$demo$72 |    000002B3  A$demo$72
     000002B5  A$demo$72 |    000002B6  A$demo$72 |    000002B8  A$demo$72
     000002B9  A$demo$74 |    000002B9  _timer_ro |    000002BA  A$demo$74
     000002BC  A$demo$74 |    000002BD  A$demo$75 |    000002BF  A$demo$75
     000002C1  A$demo$75 |    000002C2  A$demo$75 |    000002C4  A$demo$75
     000002C6  A$demo$76 |    000002C8  A$demo$76 |    000002C9  A$demo$76
     000002CB  A$demo$76 |    000002CD  A$demo$76 |    000002CE  A$demo$78
ASxxxx Linker V03.00 + NoICE + sdld,  page 8.
Hexadecimal  [32-Bits]

Area                       Addr        Size        Decimal Bytes (Attributes)
--------------------       ----        ----        ------- ----- ------------
STARTUP_CSEG           00000000    00000363 =         867. bytes (REL,CON,CODE,ROM)

        Value  Global            Value  Global            Value  Global    
        -----  ------            -----  ------            -----  ------    
     000002CE  _key_mach |    000002D0  A$demo$78 |    000002D1  A$demo$78
     000002D2  A$demo$78 |    000002D3  A$demo$78 |    000002D5  A$demo$78
     000002D6  A$demo$78 |    000002D7  A$demo$79 |    000002D9  A$demo$79
     000002DB  A$demo$79 |    000002DD  A$demo$79 |    000002DF  A$demo$79
     000002E1  A$demo$79 |    000002E2  A$demo$79 |    000002E4  A$demo$79
     000002E6  A$demo$79 |    000002E7  A$demo$80 |    000002E9  A$demo$80
     000002EB  A$demo$80 |    000002EC  A$demo$80 |    000002EE  A$demo$80
     000002F0  A$demo$80 |    000002F2  A$demo$80 |    000002F4  A$demo$81
     000002F6  A$demo$81 |    000002F7  A$demo$81 |    000002F9  A$demo$81
     000002FB  A$demo$81 |    000002FD  A$demo$81 |    000002FF  A$demo$81
     00000301  A$demo$82 |    00000303  A$demo$82 |    00000305  A$demo$82
     00000307  A$demo$82 |    00000308  A$demo$82 |    0000030A  A$demo$82
     0000030B  A$demo$83 |    0000030D  A$demo$83 |    0000030F  A$demo$83
     00000311  A$demo$83 |    00000312  A$demo$83 |    00000314  A$demo$83
     00000316  A$demo$84 |    00000318  A$demo$84 |    0000031A  A$demo$84
     0000031C  A$demo$84 |    0000031E  A$demo$84 |    00000320  A$demo$84
     00000321  A$demo$85 |    00000323  A$demo$85 |    00000324  A$demo$85
     00000326  A$demo$85 |    00000327  A$demo$85 |    00000328  A$demo$85
     0000032A  A$demo$85 |    0000032B  A$demo$87 |    0000032B  _init    
     0000032D  A$demo$87 |    0000032F  A$demo$87 |    00000331  A$demo$87
     00000333  A$demo$87 |    00000334  A$demo$88 |    00000336  A$demo$88
     00000338  A$demo$88 |    0000033A  A$demo$88 |    0000033C  A$demo$88
     0000033E  A$demo$88 |    00000340  A$demo$88 |    00000342  A$demo$89
     00000344  A$demo$89 |    00000345  A$demo$89 |    00000347  A$demo$90
     00000347  _get_key  |    00000349  A$demo$90 |    0000034B  A$demo$90
     0000034D  A$demo$90 |    0000034F  A$demo$91 |    00000350  A$demo$91
     00000352  A$demo$91 |    00000354  A$demo$91 |    00000356  A$demo$91
     00000358  A$demo$91 |    00000359  A$demo$92 |    0000035B  A$demo$92
     0000035C  A$demo$92 |    0000035E  A$demo$92 |    00000360  A$demo$92
     00000361  A$demo$92 |    00000362  A$demo$93
ASxxxx Linker V03.00 + NoICE + sdld,  page 9.
Hexadecimal  [32-Bits]

Area                       Addr        Size        Decimal Bytes (Attributes)
--------------------       ----        ----        ------- ----- ------------
CSEG                   00000363    00000654 =        1620. bytes (REL,CON,CODE,ROM)

        Value  Global            Value  Global            Value  Global    
        -----  ------            -----  ------            -----  ------    
     00000363  A$_ms311_ |    00000363  __ms311_c |    00000365  A$_ms311_
     00000367  A$_ms311_ |    00000369  A$_ms311_ |    0000036B  A$_ms311_
     0000036C  A$_ms311_ |    0000036E  A$_ms311_ |    00000370  A$_ms311_
     00000372  A$_ms311_ |    00000374  A$_ms311_ |    00000375  A$_ms311_
     00000376  A$_ms311_ |    00000377  A$_ms311_ |    00000378  A$_ms311_
     00000379  A$_ms311_ |    0000037A  A$_ms311_ |    0000037B  A$_ms311_
     0000037C  A$_ms311_ |    0000037E  A$_ms311_ |    00000380  A$_ms311_
     00000382  A$_ms311_ |    00000383  A$_ms311_ |    00000385  A$_ms311_
     00000387  A$_ms311_ |    00000389  A$_ms311_ |    0000038B  A$_ms311_
     0000038D  A$_ms311_ |    0000038F  A$_ms311_ |    00000391  A$_ms311_
     00000393  A$_ms311_ |    00000395  A$_ms311_ |    00000397  A$_ms311_
     00000399  A$_ms311_ |    0000039B  A$_ms311_ |    0000039D  A$_ms311_
     0000039F  A$_ms311_ |    000003A0  A$_ms311_ |    000003A1  A$_ms311_
     000003A3  A$_ms311_ |    000003A4  A$_ms311_ |    000003A6  A$_ms311_
     000003A8  A$_ms311_ |    000003AA  A$_ms311_ |    000003AC  A$_ms311_
     000003AE  A$_ms311_ |    000003B0  A$_ms311_ |    000003B2  A$_ms311_
     000003B4  A$_ms311_ |    000003B6  A$_ms311_ |    000003B8  A$api_pla
     000003B8  _api_play |    000003BA  A$api_pla |    000003BB  A$api_pla
     000003BC  A$api_pla |    000003BD  A$api_pla |    000003BF  A$api_pla
     000003C1  A$api_pla |    000003C3  A$api_pla |    000003C5  A$api_pla
     000003C7  A$api_pla |    000003C9  A$api_pla |    000003CB  A$api_pla
     000003CD  A$api_pla |    000003CF  A$api_pla |    000003D1  A$api_pla
     000003D3  A$api_pla |    000003D5  A$api_pla |    000003D7  A$api_pla
     000003D9  A$api_pla |    000003DB  A$api_pla |    000003DD  A$api_pla
     000003DF  A$api_pla |    000003E1  A$api_pla |    000003E2  A$api_pla
     000003E4  A$api_pla |    000003E6  A$api_pla |    000003E8  A$api_pla
     000003E9  A$api_pla |    000003EB  A$api_pla |    000003ED  A$api_pla
     000003EF  A$api_pla |    000003F1  A$api_pla |    000003F3  A$api_pla
     000003F5  A$api_pla |    000003F7  A$api_pla |    000003F9  A$api_pla
     000003FB  A$api_pla |    000003FD  A$api_pla |    000003FF  A$api_pla
     00000401  A$api_pla |    00000403  A$api_pla |    00000405  A$api_pla
     00000407  A$api_pla |    00000409  A$api_pla |    0000040B  A$api_pla
     0000040D  A$api_pla |    0000040E  A$api_pla |    00000410  A$api_pla
     00000412  A$api_pla |    00000413  A$api_pla |    00000414  A$api_pla
     00000416  A$api_pla |    00000418  A$api_pla |    0000041A  A$api_pla
     0000041C  A$api_pla |    0000041E  A$api_pla |    0000041F  A$api_pla
     00000421  A$api_pla |    00000423  A$api_pla |    00000425  A$api_pla
     00000427  A$api_pla |    00000428  A$api_pla |    0000042A  A$api_pla
     0000042C  A$api_pla |    0000042E  A$api_pla |    00000430  A$api_pla
     00000432  A$api_pla |    00000433  A$api_pla |    00000434  A$api_pla
     00000436  A$api_pla |    00000438  A$api_pla |    0000043A  A$api_pla
     0000043C  A$api_pla |    0000043E  A$api_pla |    0000043F  A$api_pla
     00000441  A$api_pla |    00000443  A$api_pla |    00000444  A$api_pla
     00000446  A$api_pla |    00000448  A$api_pla |    0000044A  A$api_pla
     0000044C  A$api_pla |    0000044E  A$api_pla |    0000044F  A$api_pla
     00000451  A$api_pla |    00000453  A$api_pla |    00000455  A$api_pla
     00000456  A$api_pla |    00000458  A$api_pla |    00000459  A$api_pla
     0000045A  A$api_pla |    0000045C  A$api_pla |    0000045E  A$api_pla
     00000460  A$api_pla |    00000462  A$api_pla |    00000464  A$api_pla
     00000466  A$api_pla |    00000468  A$api_pla |    0000046A  A$api_pla
ASxxxx Linker V03.00 + NoICE + sdld,  page 10.
Hexadecimal  [32-Bits]

Area                       Addr        Size        Decimal Bytes (Attributes)
--------------------       ----        ----        ------- ----- ------------
CSEG                   00000363    00000654 =        1620. bytes (REL,CON,CODE,ROM)

        Value  Global            Value  Global            Value  Global    
        -----  ------            -----  ------            -----  ------    
     0000046C  A$api_pla |    0000046E  A$api_pla |    00000470  A$api_pla
     00000472  A$api_pla |    00000474  A$api_pla |    00000475  A$api_pla
     00000477  A$api_pla |    00000479  A$api_pla |    0000047B  A$api_pla
     0000047D  A$api_pla |    0000047F  A$api_pla |    00000481  A$api_pla
     00000483  A$api_pla |    00000485  A$api_pla |    00000487  A$api_pla
     00000488  A$api_pla |    00000489  A$api_pla |    0000048B  A$api_pla
     0000048D  A$api_pla |    0000048E  A$api_pla |    0000048E  _api_play
     0000048F  A$api_pla |    00000491  A$api_pla |    00000492  A$ms311ap
     00000492  _api_rec_ |    00000494  A$ms311ap |    00000495  A$ms311ap
     00000496  A$ms311ap |    00000497  A$ms311ap |    00000499  A$ms311ap
     0000049B  A$ms311ap |    0000049D  A$ms311ap |    0000049F  A$ms311ap
     000004A1  A$ms311ap |    000004A3  A$ms311ap |    000004A5  A$ms311ap
     000004A7  A$ms311ap |    000004A9  A$ms311ap |    000004AB  A$ms311ap
     000004AD  A$ms311ap |    000004AF  A$ms311ap |    000004B1  A$ms311ap
     000004B3  A$ms311ap |    000004B5  A$ms311ap |    000004B7  A$ms311ap
     000004B9  A$ms311ap |    000004BB  A$ms311ap |    000004BD  A$ms311ap
     000004BF  A$ms311ap |    000004C1  A$ms311ap |    000004C3  A$ms311ap
     000004C5  A$ms311ap |    000004C7  A$ms311ap |    000004C9  A$ms311ap
     000004CA  A$ms311ap |    000004CC  A$ms311ap |    000004CD  A$ms311ap
     000004CE  A$ms311ap |    000004CE  _api_rec_ |    000004D0  A$ms311ap
     000004D1  A$ms311ap |    000004D2  A$ms311ap |    000004D4  A$ms311ap
     000004D6  A$ms311ap |    000004D8  A$ms311ap |    000004DA  A$ms311ap
     000004DB  A$ms311ap |    000004DD  A$ms311ap |    000004DE  A$ms311ap
     000004E0  A$ms311ap |    000004E1  A$ms311ap |    000004E3  A$ms311ap
     000004E5  A$ms311ap |    000004E7  A$ms311ap |    000004E8  A$ms311ap
     000004EA  A$ms311ap |    000004EC  A$ms311ap |    000004EE  A$ms311ap
     000004F0  A$ms311ap |    000004F2  A$ms311ap |    000004F4  A$ms311ap
     000004F6  A$ms311ap |    000004F8  A$ms311ap |    000004FA  A$ms311ap
     000004FC  A$ms311ap |    000004FE  A$ms311ap |    00000500  A$ms311ap
     00000502  A$ms311ap |    00000504  A$ms311ap |    00000506  A$ms311ap
     00000508  A$ms311ap |    00000509  A$ms311ap |    0000050B  A$ms311ap
     0000050D  A$ms311ap |    0000050F  A$ms311ap |    00000511  A$ms311ap
     00000513  A$ms311ap |    00000515  A$ms311ap |    00000517  A$ms311ap
     00000518  A$ms311ap |    0000051A  A$ms311ap |    0000051C  A$ms311ap
     0000051E  A$ms311ap |    00000520  A$ms311ap |    00000522  A$ms311ap
     00000524  A$ms311ap |    00000526  A$ms311ap |    00000528  A$ms311ap
     0000052A  A$ms311ap |    0000052C  A$ms311ap |    0000052E  A$ms311ap
     00000530  A$ms311ap |    00000532  A$ms311ap |    00000534  A$ms311ap
     00000536  A$ms311ap |    00000538  A$ms311ap |    0000053A  A$ms311ap
     0000053C  A$ms311ap |    0000053E  A$ms311ap |    00000540  A$ms311ap
     00000542  A$ms311ap |    00000543  A$ms311ap |    00000545  A$ms311ap
     00000547  A$ms311ap |    00000549  A$ms311ap |    0000054B  A$ms311ap
     0000054D  A$ms311ap |    0000054E  A$ms311ap |    0000054E  _api_rec_
     00000550  A$ms311ap |    00000551  A$ms311ap |    00000552  A$ms311ap
     00000554  A$ms311ap |    00000556  A$ms311ap |    00000558  A$ms311ap
     0000055A  A$ms311ap |    0000055C  A$ms311ap |    0000055E  A$ms311ap
     00000560  A$ms311ap |    00000562  A$ms311ap |    00000564  A$ms311ap
     00000566  A$ms311ap |    00000568  A$ms311ap |    0000056A  A$ms311ap
     0000056C  A$ms311ap |    0000056E  A$ms311ap |    00000570  A$ms311ap
     00000572  A$ms311ap |    00000574  A$ms311ap |    00000576  A$ms311ap
     00000578  A$ms311ap |    0000057A  A$ms311ap |    0000057C  A$ms311ap
ASxxxx Linker V03.00 + NoICE + sdld,  page 11.
Hexadecimal  [32-Bits]

Area                       Addr        Size        Decimal Bytes (Attributes)
--------------------       ----        ----        ------- ----- ------------
CSEG                   00000363    00000654 =        1620. bytes (REL,CON,CODE,ROM)

        Value  Global            Value  Global            Value  Global    
        -----  ------            -----  ------            -----  ------    
     0000057E  A$ms311ap |    00000580  A$ms311ap |    00000581  A$ms311ap
     00000583  A$ms311ap |    00000584  A$ms311ap |    00000586  A$ms311ap
     00000588  A$ms311ap |    0000058A  A$ms311ap |    0000058C  A$api_tim
     0000058C  _api_time |    0000058D  A$api_tim |    0000058F  A$api_tim
     00000590  A$api_tim |    00000591  A$api_tim |    00000591  _api_time
     00000593  A$api_tim |    00000594  A$api_tim |    00000595  A$api_tim
     00000597  A$api_tim |    00000599  A$api_tim |    0000059B  A$api_tim
     0000059D  A$api_tim |    0000059E  A$api_tim |    000005A0  A$api_tim
     000005A1  A$api_tim |    000005A2  A$rec_job |    000005A2  _api_rec_
     000005A4  A$rec_job |    000005A5  A$rec_job |    000005A6  A$rec_job
     000005A7  A$rec_job |    000005A9  A$rec_job |    000005AB  A$rec_job
     000005AC  A$rec_job |    000005AE  A$rec_job |    000005AF  A$rec_job
     000005B1  A$rec_job |    000005B3  A$rec_job |    000005B5  A$rec_job
     000005B7  A$rec_job |    000005B8  A$rec_job |    000005BA  A$rec_job
     000005BC  A$rec_job |    000005BE  A$rec_job |    000005C0  A$rec_job
     000005C2  A$rec_job |    000005C4  A$rec_job |    000005C5  A$rec_job
     000005C7  A$rec_job |    000005C8  A$rec_job |    000005CA  A$rec_job
     000005CC  A$rec_job |    000005CD  A$rec_job |    000005CF  A$rec_job
     000005D0  A$rec_job |    000005D2  A$rec_job |    000005D4  A$rec_job
     000005D6  A$rec_job |    000005D8  A$rec_job |    000005D9  A$rec_job
     000005DB  A$rec_job |    000005DD  A$rec_job |    000005DF  A$rec_job
     000005E1  A$rec_job |    000005E3  A$rec_job |    000005E5  A$rec_job
     000005E7  A$rec_job |    000005E8  A$rec_job |    000005EA  A$rec_job
     000005EB  A$rec_job |    000005EC  A$rec_job |    000005EE  A$rec_job
     000005F0  A$rec_job |    000005F2  A$rec_job |    000005F4  A$rec_job
     000005F6  A$rec_job |    000005F7  A$rec_job |    000005F9  A$rec_job
     000005FB  A$rec_job |    000005FD  A$rec_job |    000005FF  A$rec_job
     00000601  A$rec_job |    00000603  A$rec_job |    00000605  A$rec_job
     00000607  A$rec_job |    00000609  A$rec_job |    0000060A  A$rec_job
     0000060C  A$rec_job |    0000060E  A$rec_job |    00000610  A$rec_job
     00000612  A$rec_job |    00000614  A$rec_job |    00000615  A$rec_job
     00000616  A$rec_job |    00000617  A$rec_job |    00000618  A$rec_job
     0000061A  A$rec_job |    0000061C  A$rec_job |    0000061E  A$rec_job
     00000620  A$rec_job |    00000622  A$rec_job |    00000624  A$rec_job
     00000626  A$rec_job |    00000628  A$rec_job |    0000062A  A$rec_job
     0000062C  A$rec_job |    0000062E  A$rec_job |    00000630  A$rec_job
     00000632  A$rec_job |    00000634  A$rec_job |    00000636  A$rec_job
     00000638  A$rec_job |    0000063A  A$rec_job |    0000063B  A$rec_job
     0000063C  A$rec_job |    0000063E  A$rec_job |    00000640  A$rec_job
     00000641  A$api_std |    00000641  _api_ente |    00000643  A$api_std
     00000644  A$api_std |    00000645  A$api_std |    00000647  A$api_std
     00000649  A$api_std |    0000064B  A$api_std |    0000064D  A$api_std
     0000064F  A$api_std |    00000651  A$api_std |    00000653  A$api_std
     00000655  A$api_std |    00000657  A$api_std |    00000659  A$api_std
     0000065B  A$api_std |    0000065D  A$api_std |    0000065F  A$api_std
     00000661  A$api_std |    00000662  A$api_std |    00000664  A$api_std
     00000665  A$api_std |    00000666  A$api_std |    00000667  A$api_std
     00000668  A$api_std |    0000066A  A$api_std |    0000066C  A$api_std
     0000066D  A$ms311ap |    0000066D  _api_beep |    0000066E  A$ms311ap
     00000670  A$ms311ap |    00000672  A$ms311ap |    00000673  A$ms311ap
     00000673  _api_beep |    00000675  A$ms311ap |    00000676  A$ms311ap
ASxxxx Linker V03.00 + NoICE + sdld,  page 12.
Hexadecimal  [32-Bits]

Area                       Addr        Size        Decimal Bytes (Attributes)
--------------------       ----        ----        ------- ----- ------------
CSEG                   00000363    00000654 =        1620. bytes (REL,CON,CODE,ROM)

        Value  Global            Value  Global            Value  Global    
        -----  ------            -----  ------            -----  ------    
     00000677  A$ms311ap |    00000679  A$ms311ap |    0000067B  A$ms311ap
     0000067D  A$ms311ap |    0000067F  A$ms311ap |    00000681  A$ms311ap
     00000683  A$ms311ap |    00000685  A$ms311ap |    00000687  A$ms311ap
     00000689  A$ms311ap |    0000068B  A$ms311ap |    0000068D  A$ms311ap
     0000068F  A$ms311ap |    00000690  A$ms311ap |    00000692  A$ms311ap
     00000693  A$ms311ap |    00000694  A$_sp_dec |    00000694  __sp_dec 
     00000696  A$_sp_dec |    00000698  A$_sp_dec |    0000069A  A$_sp_dec
     0000069C  A$_sp_dec |    0000069E  A$_sp_dec |    000006A0  A$_sp_dec
     000006A1  A$api_set |    000006A1  _api_set_ |    000006A3  A$api_set
     000006A4  A$api_set |    000006A5  A$api_set |    000006A7  A$api_set
     000006A9  A$api_set |    000006AB  A$api_set |    000006AD  A$api_set
     000006AF  A$api_set |    000006B1  A$api_set |    000006B3  A$api_set
     000006B4  A$api_set |    000006B6  A$api_set |    000006B7  A$api_set
     000006B8  A$api_set |    000006B9  A$api_b12 |    000006B9  _api_b12_
     000006BB  A$api_b12 |    000006BC  A$api_b12 |    000006BD  A$api_b12
     000006BF  A$api_b12 |    000006C1  A$api_b12 |    000006C2  A$api_b12
     000006C4  A$api_b12 |    000006C6  A$api_b12 |    000006C8  A$api_b12
     000006CA  A$api_b12 |    000006CC  A$api_b12 |    000006CD  A$api_b12
     000006CF  A$api_b12 |    000006D1  A$api_b12 |    000006D3  A$api_b12
     000006D5  A$api_b12 |    000006D7  A$api_b12 |    000006D9  A$api_b12
     000006DA  A$api_b12 |    000006DC  A$api_b12 |    000006DD  A$api_b12
     000006DF  A$api_b12 |    000006E0  A$api_b12 |    000006E2  A$api_b12
     000006E4  A$api_b12 |    000006E5  A$api_b12 |    000006E7  A$api_b12
     000006E8  A$api_b12 |    000006EA  A$api_b12 |    000006EC  A$api_b12
     000006ED  A$api_b12 |    000006EF  A$api_b12 |    000006F0  A$api_b12
     000006F1  A$api_b12 |    000006F3  A$api_b12 |    000006F5  A$api_b12
     000006F7  A$api_b12 |    000006F9  A$api_b12 |    000006FB  A$api_b12
     000006FD  A$api_b12 |    000006FF  A$api_b12 |    00000701  A$api_b12
     00000703  A$api_b12 |    00000705  A$api_b12 |    00000707  A$api_b12
     00000709  A$api_b12 |    0000070B  A$api_b12 |    0000070D  A$api_b12
     0000070E  A$api_b12 |    00000710  A$api_b12 |    00000712  A$api_b12
     00000714  A$api_b12 |    00000716  A$api_b12 |    00000718  A$api_b12
     0000071A  A$api_b12 |    0000071C  A$api_b12 |    0000071E  A$api_b12
     00000720  A$api_b12 |    00000721  A$api_b12 |    00000723  A$api_b12
     00000725  A$api_b12 |    00000727  A$api_b12 |    00000729  A$api_b12
     0000072B  A$api_b12 |    0000072D  A$api_b12 |    0000072F  A$api_b12
     00000731  A$api_b12 |    00000733  A$api_b12 |    00000734  A$api_b12
     00000736  A$api_b12 |    00000738  A$api_b12 |    0000073A  A$api_b12
     0000073C  A$api_b12 |    0000073E  A$api_b12 |    00000740  A$api_b12
     00000742  A$api_b12 |    00000743  A$api_nor |    00000743  _api_norm
     00000745  A$api_nor |    00000746  A$api_nor |    00000747  A$api_nor
     00000749  A$api_nor |    0000074B  A$api_nor |    0000074D  A$api_nor
     0000074F  A$api_nor |    00000751  A$api_nor |    00000753  A$api_nor
     00000755  A$api_nor |    00000756  A$api_nor |    00000758  A$api_nor
     0000075A  A$api_nor |    0000075C  A$api_nor |    0000075E  A$api_nor
     00000760  A$api_nor |    00000762  A$api_nor |    00000764  A$api_nor
     00000766  A$api_nor |    00000768  A$api_nor |    0000076A  A$api_nor
     0000076C  A$api_nor |    0000076E  A$api_nor |    00000770  A$api_nor
     00000772  A$api_nor |    00000774  A$api_nor |    00000776  A$api_nor
     00000778  A$api_nor |    00000779  A$api_nor |    0000077B  A$api_nor
     0000077C  A$api_nor |    0000077D  A$api_nor |    0000077E  A$api_nor
ASxxxx Linker V03.00 + NoICE + sdld,  page 13.
Hexadecimal  [32-Bits]

Area                       Addr        Size        Decimal Bytes (Attributes)
--------------------       ----        ----        ------- ----- ------------
CSEG                   00000363    00000654 =        1620. bytes (REL,CON,CODE,ROM)

        Value  Global            Value  Global            Value  Global    
        -----  ------            -----  ------            -----  ------    
     0000077F  A$_sp_inc |    0000077F  __sp_inc  |    00000781  A$_sp_inc
     00000783  A$_sp_inc |    00000785  A$_sp_inc |    00000786  A$_sp_inc
     00000788  A$_sp_inc |    0000078A  A$_sp_inc |    0000078B  A$ms311ap
     0000078B  _api_play |    0000078D  A$ms311ap |    0000078E  A$ms311ap
     0000078F  A$ms311ap |    00000790  A$ms311ap |    00000792  A$ms311ap
     00000794  A$ms311ap |    00000796  A$ms311ap |    00000798  A$ms311ap
     0000079A  A$ms311ap |    0000079C  A$ms311ap |    0000079E  A$ms311ap
     0000079F  A$ms311ap |    000007A1  A$ms311ap |    000007A3  A$ms311ap
     000007A5  A$ms311ap |    000007A7  A$ms311ap |    000007A9  A$ms311ap
     000007AB  A$ms311ap |    000007AD  A$ms311ap |    000007AF  A$ms311ap
     000007B1  A$ms311ap |    000007B3  A$ms311ap |    000007B5  A$ms311ap
     000007B7  A$ms311ap |    000007B9  A$ms311ap |    000007BB  A$ms311ap
     000007BD  A$ms311ap |    000007BF  A$ms311ap |    000007C1  A$ms311ap
     000007C3  A$ms311ap |    000007C5  A$ms311ap |    000007C7  A$ms311ap
     000007C9  A$ms311ap |    000007CB  A$ms311ap |    000007CD  A$ms311ap
     000007CE  A$ms311ap |    000007D0  A$ms311ap |    000007D2  A$ms311ap
     000007D4  A$ms311ap |    000007D5  A$ms311ap |    000007D7  A$ms311ap
     000007D9  A$ms311ap |    000007DB  A$ms311ap |    000007DD  A$ms311ap
     000007DF  A$ms311ap |    000007E1  A$ms311ap |    000007E3  A$ms311ap
     000007E5  A$ms311ap |    000007E7  A$ms311ap |    000007E8  A$ms311ap
     000007EA  A$ms311ap |    000007EC  A$ms311ap |    000007ED  A$ms311ap
     000007EE  A$ms311ap |    000007F0  A$ms311ap |    000007F2  A$ms311ap
     000007F4  A$ms311ap |    000007F5  A$ms311ap |    000007F7  A$ms311ap
     000007F9  A$ms311ap |    000007FB  A$ms311ap |    000007FD  A$ms311ap
     000007FF  A$ms311ap |    00000801  A$ms311ap |    00000803  A$ms311ap
     00000804  A$ms311ap |    00000806  A$ms311ap |    00000808  A$ms311ap
     00000809  A$ms311ap |    0000080B  A$ms311ap |    0000080C  A$ms311ap
     0000080E  A$ms311ap |    00000810  A$ms311ap |    00000812  A$ms311ap
     00000813  A$ms311ap |    00000815  A$ms311ap |    00000817  A$ms311ap
     00000818  A$ms311ap |    0000081A  A$ms311ap |    0000081C  A$ms311ap
     0000081E  A$ms311ap |    00000820  A$ms311ap |    00000822  A$ms311ap
     00000823  A$ms311ap |    00000825  A$ms311ap |    00000827  A$ms311ap
     00000829  A$ms311ap |    0000082B  A$ms311ap |    0000082D  A$ms311ap
     0000082F  A$ms311ap |    00000831  A$ms311ap |    00000833  A$ms311ap
     00000835  A$ms311ap |    00000837  A$ms311ap |    00000839  A$ms311ap
     0000083B  A$ms311ap |    0000083D  A$ms311ap |    0000083F  A$ms311ap
     00000841  A$ms311ap |    00000843  A$ms311ap |    00000844  A$ms311ap
     00000846  A$ms311ap |    00000848  A$ms311ap |    0000084A  A$ms311ap
     0000084C  A$ms311ap |    0000084E  A$ms311ap |    00000850  A$ms311ap
     00000852  A$ms311ap |    00000854  A$ms311ap |    00000856  A$ms311ap
     00000858  A$ms311ap |    0000085A  A$ms311ap |    0000085C  A$ms311ap
     0000085E  A$ms311ap |    00000860  A$ms311ap |    00000862  A$ms311ap
     00000864  A$ms311ap |    00000865  A$ms311ap |    00000866  A$ms311ap
     00000868  A$ms311ap |    0000086A  A$ms311ap |    0000086C  A$ms311ap
     0000086E  A$ms311ap |    00000870  A$ms311ap |    00000871  A$clearfr
     00000871  _api_clea |    00000873  A$clearfr |    00000875  A$clearfr
     00000877  A$clearfr |    00000879  A$clearfr |    0000087A  A$clearfr
     0000087B  A$clearfr |    0000087D  A$clearfr |    0000087F  A$clearfr
     00000880  A$dc_canc |    00000880  _api_DC_c |    00000882  A$dc_canc
     00000883  A$dc_canc |    00000884  A$dc_canc |    00000886  A$dc_canc
     00000888  A$dc_canc |    0000088A  A$dc_canc |    0000088C  A$dc_canc
ASxxxx Linker V03.00 + NoICE + sdld,  page 14.
Hexadecimal  [32-Bits]

Area                       Addr        Size        Decimal Bytes (Attributes)
--------------------       ----        ----        ------- ----- ------------
CSEG                   00000363    00000654 =        1620. bytes (REL,CON,CODE,ROM)

        Value  Global            Value  Global            Value  Global    
        -----  ------            -----  ------            -----  ------    
     0000088E  A$dc_canc |    00000890  A$dc_canc |    00000892  A$dc_canc
     00000894  A$dc_canc |    00000896  A$dc_canc |    00000898  A$dc_canc
     0000089A  A$dc_canc |    0000089C  A$dc_canc |    0000089D  A$dc_canc
     0000089E  A$dc_canc |    0000089F  A$dc_canc |    000008A0  A$dc_canc
     000008A2  A$dc_canc |    000008A4  A$dc_canc |    000008A6  A$dc_canc
     000008A8  A$dc_canc |    000008AA  A$dc_canc |    000008AC  A$dc_canc
     000008AE  A$dc_canc |    000008B0  A$dc_canc |    000008B2  A$dc_canc
     000008B4  A$dc_canc |    000008B6  A$dc_canc |    000008B8  A$dc_canc
     000008BA  A$dc_canc |    000008BC  A$dc_canc |    000008BE  A$dc_canc
     000008C0  A$dc_canc |    000008C1  A$dc_canc |    000008C3  A$dc_canc
     000008C5  A$dc_canc |    000008C7  A$dc_canc |    000008C8  A$dc_canc
     000008CA  A$dc_canc |    000008CC  A$dc_canc |    000008CE  A$dc_canc
     000008D0  A$dc_canc |    000008D1  A$dc_canc |    000008D2  A$dc_canc
     000008D3  A$dc_canc |    000008D5  A$dc_canc |    000008D7  A$dc_canc
     000008D9  A$dc_canc |    000008DB  A$dc_canc |    000008DD  A$dc_canc
     000008DF  A$dc_canc |    000008E1  A$dc_canc |    000008E3  A$dc_canc
     000008E4  A$dc_canc |    000008E6  A$dc_canc |    000008E8  A$dc_canc
     000008EA  A$dc_canc |    000008EB  A$dc_canc |    000008EC  A$dc_canc
     000008EE  A$dc_canc |    000008F0  A$dc_canc |    000008F2  A$dc_canc
     000008F3  A$dc_canc |    000008F5  A$dc_canc |    000008F6  A$dc_canc
     000008F8  A$dc_canc |    000008F9  A$dc_canc |    000008FB  A$dc_canc
     000008FD  A$dc_canc |    000008FF  A$dc_canc |    00000901  A$dc_canc
     00000903  A$dc_canc |    00000905  A$dc_canc |    00000907  A$dc_canc
     00000909  A$dc_canc |    0000090A  A$dc_canc |    0000090C  A$dc_canc
     0000090E  A$dc_canc |    0000090F  A$dc_canc |    00000910  A$dc_canc
     00000911  A$dc_canc |    00000913  A$dc_canc |    00000914  A$dc_canc
     00000916  A$dc_canc |    00000918  A$dc_canc |    0000091A  A$dc_canc
     0000091C  A$dc_canc |    0000091E  A$dc_canc |    00000920  A$dc_canc
     00000922  A$dc_canc |    00000924  A$dc_canc |    00000926  A$dc_canc
     00000928  A$dc_canc |    0000092A  A$dc_canc |    0000092C  A$dc_canc
     0000092E  A$dc_canc |    00000930  A$dc_canc |    00000932  A$dc_canc
     00000934  A$dc_canc |    00000936  A$dc_canc |    00000938  A$dc_canc
     0000093A  A$dc_canc |    0000093C  A$dc_canc |    0000093E  A$dc_canc
     00000940  A$dc_canc |    00000942  A$dc_canc |    00000944  A$dc_canc
     00000946  A$dc_canc |    00000947  A$dc_canc |    00000949  A$dc_canc
     0000094A  A$dc_canc |    0000094B  A$dc_canc |    0000094C  A$dc_canc
     0000094E  A$dc_canc |    0000094F  A$api_u2l |    0000094F  _api_u2l_
     00000951  A$api_u2l |    00000952  A$api_u2l |    00000953  A$api_u2l
     00000954  A$api_u2l |    00000955  A$api_u2l |    00000956  A$api_u2l
     00000957  A$api_u2l |    00000959  A$api_u2l |    0000095B  A$api_u2l
     0000095D  A$api_u2l |    0000095F  A$api_u2l |    00000961  A$api_u2l
     00000963  A$api_u2l |    00000965  A$api_u2l |    00000967  A$api_u2l
     00000968  A$api_u2l |    0000096A  A$api_u2l |    0000096C  A$api_u2l
     0000096E  A$api_u2l |    0000096F  A$api_u2l |    00000970  A$api_u2l
     00000972  A$api_u2l |    00000973  A$api_u2l |    00000975  A$api_u2l
     00000977  A$api_u2l |    00000978  A$api_u2l |    0000097A  A$api_u2l
     0000097C  A$api_u2l |    0000097E  A$api_u2l |    00000980  A$api_u2l
     00000982  A$api_u2l |    00000984  A$api_u2l |    00000985  A$api_u2l
     00000987  A$api_u2l |    00000989  A$api_u2l |    0000098A  A$api_u2l
     0000098B  A$api_u2l |    0000098D  A$api_u2l |    0000098F  A$api_u2l
     00000990  A$api_u2l |    00000992  A$api_u2l |    00000993  A$api_u2l
ASxxxx Linker V03.00 + NoICE + sdld,  page 15.
Hexadecimal  [32-Bits]

Area                       Addr        Size        Decimal Bytes (Attributes)
--------------------       ----        ----        ------- ----- ------------
CSEG                   00000363    00000654 =        1620. bytes (REL,CON,CODE,ROM)

        Value  Global            Value  Global            Value  Global    
        -----  ------            -----  ------            -----  ------    
     00000995  A$api_u2l |    00000997  A$api_u2l |    00000998  A$api_u2l
     00000999  A$api_u2l |    0000099B  A$api_u2l |    0000099D  A$api_u2l
     0000099F  A$api_u2l |    000009A0  A$api_u2l |    000009A2  A$api_u2l
     000009A4  A$api_u2l |    000009A6  A$api_u2l |    000009A8  A$api_u2l
     000009AA  A$api_u2l |    000009AC  A$api_u2l |    000009AE  A$api_u2l
     000009AF  A$api_u2l |    000009B0  A$api_u2l |    000009B1  A$api_u2l
     000009B2  A$api_u2l |    000009B3  A$api_u2l |    000009B5  A$api_u2l
     000009B6  A$api_u2l
ASxxxx Linker V03.00 + NoICE + sdld,  page 16.
Hexadecimal  [32-Bits]

Area                       Addr        Size        Decimal Bytes (Attributes)
--------------------       ----        ----        ------- ----- ------------
SEGC                   000009B7    00000204 =         516. bytes (REL,CON,CODE,ROM)

        Value  Global            Value  Global            Value  Global    
        -----  ------            -----  ------            -----  ------    
     000009B7  _ms311_ne |    000009BB  _u2l_low  |    00000ABB  _u2l_high
ASxxxx Linker V03.00 + NoICE + sdld,  page 17.

Files Linked                              [ module(s) ]

demo                                      [ demo ]


Libraries Linked                          [ object file ]

x:\share\sdcc\lib\MS322\ms311sdcc.lib     [ ms311sfr ]
x:\share\sdcc\lib\MS322\ms311sdcc.lib     [ _ms311_cstartup ]
x:\share\sdcc\lib\MS322\ms311sph.lib      [ api_play_job ]
x:\share\sdcc\lib\MS322\ms311sph.lib      [ apivar ]
x:\share\sdcc\lib\MS322\ms311sph.lib      [ ms311apirecalc ]
x:\share\sdcc\lib\MS322\ms311sph.lib      [ api_timer ]
x:\share\sdcc\lib\MS322\ms311sph.lib      [ rec_job_alc ]
x:\share\sdcc\lib\MS322\ms311sph.lib      [ api_stdbymode ]
x:\share\sdcc\lib\MS322\ms311sph.lib      [ ms311apibeep ]
x:\share\sdcc\lib\MS322\ms311sph.lib      [ u2ltab ]
x:\share\sdcc\lib\MS322\ms311sdcc.lib     [ _sp_dec ]
x:\share\sdcc\lib\MS322\ms311sph.lib      [ api_set_vol ]
x:\share\sdcc\lib\MS322\ms311sph.lib      [ api_b12_page ]
x:\share\sdcc\lib\MS322\ms311sph.lib      [ api_normalsleep ]
x:\share\sdcc\lib\MS322\ms311sdcc.lib     [ _sp_inc ]
x:\share\sdcc\lib\MS322\ms311sph.lib      [ ms311apipla ]
x:\share\sdcc\lib\MS322\ms311sph.lib      [ clearfram ]
x:\share\sdcc\lib\MS322\ms311sph.lib      [ dc_cancel ]
x:\share\sdcc\lib\MS322\ms311sph.lib      [ api_u2l_page ]


